// Jest Snapshot v1, https://goo.gl/fbAQLP

exports[`<BondHighstockComponent /> snapshot 1`] = `
<BondHighstockComponent
  data={Array []}
  filter={
    Object {
      "isin": "RU000A0JU4L3",
      "valueType": "Price",
    }
  }
>
  <div
    className="highstock"
  />
</BondHighstockComponent>
`;
